<html>
<body>
<pre>
<h1>µVision Build Log</h1>
<h2>Project:</h2>
C:\Keil\EE319KwareSpring2018\lab-10-c-spaceinvader-connor-fritz-and-tatiana-larina\SpaceInvaders.uvproj
Project File Date:  04/23/2018

<h2>Output:</h2>
Build target 'SpaceInvaders'
compiling SpaceInvaders.c...
SpaceInvaders.c(496): warning:  #177-D: variable "killedbool" was declared but never referenced
        int shootbool, killedbool, explodebool, level2, level3 = 0;             //sound booleans
SpaceInvaders.c(496): warning:  #177-D: variable "level2" was declared but never referenced
        int shootbool, killedbool, explodebool, level2, level3 = 0;             //sound booleans
SpaceInvaders.c(496): warning:  #177-D: variable "level3" was declared but never referenced
        int shootbool, killedbool, explodebool, level2, level3 = 0;             //sound booleans
SpaceInvaders.c: 3 warnings, 0 errors
linking...
Program Size: Code=5996 RO-data=26752 RW-data=588 ZI-data=1124  
".\SpaceInvaders.axf" - 0 Error(s), 3 Warning(s).
Load "C:\\Keil\\EE319KwareSpring2018\\lab-10-c-spaceinvader-connor-fritz-and-tatiana-larina\\SpaceInvaders.axf" 
Connecting: Mode=JTAG, Speed=1000000Hz
Erase Done.
Programming Done.
Verify OK.
</pre>
</body>
</html>
aceInvaders.axf" - 0 Error(s), 3 Warning(s).
Load "C:\\Keil\\EE319KwareSpring2018\\lab-10-c-spaceinvader-connor-fritz-and-tatiana-larina\\SpaceInvaders.axf" 
Connecting: Mode=JTAG, Speed=1000000Hz
Erase Done.
Programming Done.
Verify OK.
