<html>
<body>
<pre>
<h1>µVision Build Log</h1>
<h2>Project:</h2>
C:\Keil\EE319KwareSpring2018\lab-10-c-spaceinvader-connor-fritz-and-tatiana-larina\SpaceInvaders.uvproj
Project File Date:  04/23/2018

<h2>Output:</h2>
Rebuild target 'SpaceInvaders'
assembling startup.s...
assembling random.s...
compiling DAC.c...
compiling Timer0.c...
compiling Timer1.c...
compiling Sound.c...
assembling LCD.s...
assembling Print.s...
compiling SpaceInvaders.c...
buttons.h(10): warning:  #1-D: last line of file ends without a newline
  void GPIOPortB_Handler(void);
SpaceInvaders.c(377): warning:  #177-D: variable "killedbool" was declared but never referenced
        int shootbool, killedbool, explodebool = 0;     
SpaceInvaders.c(377): warning:  #177-D: variable "explodebool" was declared but never referenced
        int shootbool, killedbool, explodebool = 0;     
SpaceInvaders.c(512): warning:  #68-D: integer conversion resulted in a change of sign
                if(blueprojectiles[i].y == -25){                                //if projectile goes off screen set it to dead
SpaceInvaders.c: 4 warnings, 0 errors
compiling ST7735.c...
compiling PLL.c...
compiling ADC.c...
compiling buttons.c...
linking...
Program Size: Code=4992 RO-data=23784 RW-data=420 ZI-data=1124  
".\SpaceInvaders.axf" - 0 Error(s), 4 Warning(s).
Load "C:\\Keil\\EE319KwareSpring2018\\lab-10-c-spaceinvader-connor-fritz-and-tatiana-larina\\SpaceInvaders.axf" 
Connecting: Mode=JTAG, Speed=1000000Hz
Erase Done.
Programming Done.
Verify OK.
